2025-01-29 19:09:05,024 - Scheduler started
2025-01-29 19:09:05,029 - Starting create_test_data.py...
2025-01-29 19:09:05,435 - Error running script: Command '['python', 'create_test_data.py']' returned non-zero exit status 2.
2025-01-29 19:09:05,438 - Sleeping for 5 minutes at 2025-01-29 19:09:05.436467
2025-01-29 19:10:19,168 - Scheduler started
2025-01-29 19:10:19,169 - Starting create_test_data.py...
2025-01-29 19:10:36,092 - Finished create_test_data.py
2025-01-29 19:10:36,093 - Starting pre_process_features_no_h2h.py...
2025-01-29 19:10:38,803 - Finished pre_process_features_no_h2h.py
2025-01-29 19:10:38,805 - Starting pre_process_features.py...
2025-01-29 19:10:41,846 - Finished pre_process_features.py
2025-01-29 19:10:41,847 - Starting logistic_regression.py...
2025-01-29 19:10:45,118 - Finished logistic_regression.py
2025-01-29 19:10:45,149 - Starting compare_predictions.py...
2025-01-29 19:10:47,032 - Finished compare_predictions.py
2025-01-29 19:10:47,043 - All scripts completed successfully

2025-01-29 19:10:47,043 - Sleeping for 5 minutes at 2025-01-29 19:10:47.043888
2025-01-29 19:15:47,063 - Starting create_test_data.py...
2025-01-29 19:16:24,959 - Finished create_test_data.py
2025-01-29 19:16:24,960 - Starting pre_process_features_no_h2h.py...
2025-01-29 19:16:29,441 - Finished pre_process_features_no_h2h.py
2025-01-29 19:16:29,441 - Starting pre_process_features.py...
2025-01-29 19:16:31,817 - Finished pre_process_features.py
2025-01-29 19:16:31,818 - Starting logistic_regression.py...
2025-01-29 19:16:35,079 - Finished logistic_regression.py
2025-01-29 19:16:35,080 - Starting compare_predictions.py...
2025-01-29 19:16:37,912 - Finished compare_predictions.py
2025-01-29 19:16:37,913 - All scripts completed successfully

2025-01-29 19:16:37,914 - Sleeping for 5 minutes at 2025-01-29 19:16:37.914042
2025-01-29 19:21:37,933 - Starting create_test_data.py...
2025-01-29 19:21:58,987 - Finished create_test_data.py
2025-01-29 19:21:58,987 - Starting pre_process_features_no_h2h.py...
2025-01-29 19:22:03,235 - Finished pre_process_features_no_h2h.py
2025-01-29 19:22:03,237 - Starting pre_process_features.py...
2025-01-29 19:22:06,300 - Finished pre_process_features.py
2025-01-29 19:22:06,305 - Starting logistic_regression.py...
2025-01-29 19:22:10,305 - Finished logistic_regression.py
2025-01-29 19:22:10,311 - Starting compare_predictions.py...
2025-01-29 19:22:17,913 - Finished compare_predictions.py
2025-01-29 19:22:17,914 - All scripts completed successfully

2025-01-29 19:22:17,914 - Sleeping for 5 minutes at 2025-01-29 19:22:17.914368
2025-01-29 19:27:17,926 - Starting create_test_data.py...
2025-01-29 19:27:30,364 - Finished create_test_data.py
2025-01-29 19:27:30,365 - Starting pre_process_features_no_h2h.py...
2025-01-29 19:27:32,569 - Finished pre_process_features_no_h2h.py
2025-01-29 19:27:32,569 - Starting pre_process_features.py...
2025-01-29 19:27:34,890 - Finished pre_process_features.py
2025-01-29 19:27:34,891 - Starting logistic_regression.py...
2025-01-29 19:27:37,489 - Finished logistic_regression.py
2025-01-29 19:27:37,490 - Starting compare_predictions.py...
2025-01-29 19:27:39,881 - Finished compare_predictions.py
2025-01-29 19:27:39,882 - All scripts completed successfully

2025-01-29 19:27:39,882 - Sleeping for 5 minutes at 2025-01-29 19:27:39.882548
2025-01-29 19:32:39,851 - Starting create_test_data.py...
2025-01-29 19:32:52,889 - Finished create_test_data.py
2025-01-29 19:32:52,890 - Starting pre_process_features_no_h2h.py...
2025-01-29 19:32:56,083 - Finished pre_process_features_no_h2h.py
2025-01-29 19:32:56,084 - Starting pre_process_features.py...
2025-01-29 19:32:58,695 - Finished pre_process_features.py
2025-01-29 19:32:58,695 - Starting logistic_regression.py...
2025-01-29 19:33:01,390 - Finished logistic_regression.py
2025-01-29 19:33:01,402 - Starting compare_predictions.py...
2025-01-29 19:33:03,417 - Finished compare_predictions.py
2025-01-29 19:33:03,417 - All scripts completed successfully

2025-01-29 19:33:03,418 - Sleeping for 5 minutes at 2025-01-29 19:33:03.418071
2025-01-29 19:38:03,432 - Starting create_test_data.py...
2025-01-29 19:38:13,983 - Finished create_test_data.py
2025-01-29 19:38:13,986 - Starting pre_process_features_no_h2h.py...
2025-01-29 19:38:16,169 - Finished pre_process_features_no_h2h.py
2025-01-29 19:38:16,171 - Starting pre_process_features.py...
2025-01-29 19:38:18,107 - Finished pre_process_features.py
2025-01-29 19:38:18,108 - Starting logistic_regression.py...
2025-01-29 19:38:21,037 - Finished logistic_regression.py
2025-01-29 19:38:21,038 - Starting compare_predictions.py...
2025-01-29 19:38:24,117 - Finished compare_predictions.py
2025-01-29 19:38:24,117 - All scripts completed successfully

2025-01-29 19:38:24,118 - Sleeping for 5 minutes at 2025-01-29 19:38:24.118026
2025-01-29 19:43:24,132 - Starting create_test_data.py...
2025-01-29 19:43:37,533 - Finished create_test_data.py
2025-01-29 19:43:37,534 - Starting pre_process_features_no_h2h.py...
2025-01-29 19:43:40,219 - Finished pre_process_features_no_h2h.py
2025-01-29 19:43:40,220 - Starting pre_process_features.py...
2025-01-29 19:43:42,510 - Finished pre_process_features.py
2025-01-29 19:43:42,511 - Starting logistic_regression.py...
2025-01-29 19:43:45,157 - Finished logistic_regression.py
2025-01-29 19:43:45,193 - Starting compare_predictions.py...
2025-01-29 19:43:47,367 - Finished compare_predictions.py
2025-01-29 19:43:47,374 - All scripts completed successfully

2025-01-29 19:43:47,374 - Sleeping for 5 minutes at 2025-01-29 19:43:47.374958
2025-01-29 19:48:47,387 - Starting create_test_data.py...
2025-01-29 19:48:58,789 - Finished create_test_data.py
2025-01-29 19:48:58,790 - Starting pre_process_features_no_h2h.py...
2025-01-29 19:49:02,505 - Finished pre_process_features_no_h2h.py
2025-01-29 19:49:02,506 - Starting pre_process_features.py...
2025-01-29 19:49:04,930 - Finished pre_process_features.py
2025-01-29 19:49:04,931 - Starting logistic_regression.py...
2025-01-29 19:49:07,744 - Finished logistic_regression.py
2025-01-29 19:49:07,756 - Starting compare_predictions.py...
2025-01-29 19:49:10,331 - Finished compare_predictions.py
2025-01-29 19:49:10,331 - All scripts completed successfully

2025-01-29 19:49:10,332 - Sleeping for 5 minutes at 2025-01-29 19:49:10.332060
2025-01-29 19:54:10,347 - Starting create_test_data.py...
2025-01-29 19:54:21,515 - Finished create_test_data.py
2025-01-29 19:54:21,517 - Starting pre_process_features_no_h2h.py...
2025-01-29 19:54:23,909 - Finished pre_process_features_no_h2h.py
2025-01-29 19:54:23,915 - Starting pre_process_features.py...
2025-01-29 19:54:26,518 - Finished pre_process_features.py
2025-01-29 19:54:26,519 - Starting logistic_regression.py...
2025-01-29 19:54:30,581 - Finished logistic_regression.py
2025-01-29 19:54:30,582 - Starting compare_predictions.py...
2025-01-29 19:54:35,524 - Finished compare_predictions.py
2025-01-29 19:54:35,525 - All scripts completed successfully

2025-01-29 19:54:35,526 - Sleeping for 5 minutes at 2025-01-29 19:54:35.526065
2025-01-29 19:59:35,531 - Starting create_test_data.py...
2025-01-29 19:59:50,894 - Finished create_test_data.py
2025-01-29 19:59:50,894 - Starting pre_process_features_no_h2h.py...
2025-01-29 19:59:53,392 - Finished pre_process_features_no_h2h.py
2025-01-29 19:59:53,392 - Starting pre_process_features.py...
2025-01-29 19:59:55,355 - Finished pre_process_features.py
2025-01-29 19:59:55,359 - Starting logistic_regression.py...
2025-01-29 19:59:58,111 - Finished logistic_regression.py
2025-01-29 19:59:58,112 - Starting compare_predictions.py...
2025-01-29 20:00:01,705 - Finished compare_predictions.py
2025-01-29 20:00:01,707 - All scripts completed successfully

2025-01-29 20:00:01,708 - Sleeping for 5 minutes at 2025-01-29 20:00:01.708251
